// Jest Snapshot v1, https://goo.gl/fbAQLP

exports[`Person Section matches snapshot 1`] = `
<div>
  <section
    class="bg-gray-dark py-5"
  >
    <h3
      class="text-2xl md:text-3xl"
      data-testid="title"
    >
      People
    </h3>
    <div
      class="flex flex-wrap gap-x-4 items-center justify-center md:justify-start"
    >
      <div>
        peson card
      </div>
      <div>
        peson card
      </div>
    </div>
  </section>
</div>
`;
